// Jest Snapshot v1, https://goo.gl/fbAQLP

exports[`JoyPad renders 1`] = `
<div>
  <div>
    <div
      class="sc-bXdtCk kZQQMI"
    >
      <div
        class="sc-hKDTPf eDbVkT"
      >
        <button
          class="MuiButtonBase-root MuiButton-root MuiButton-contained MuiButton-containedPrimary MuiButton-sizeMedium MuiButton-containedSizeMedium MuiButton-colorPrimary MuiButton-root MuiButton-contained MuiButton-containedPrimary MuiButton-sizeMedium MuiButton-containedSizeMedium MuiButton-colorPrimary css-74d805-MuiButtonBase-root-MuiButton-root"
          data-testid="move-button-Go"
          tabindex="0"
          type="button"
        >
          Go
        </button>
      </div>
    </div>
    <div
      class="sc-bXdtCk kZQQMI"
    >
      <div
        class="sc-hKDTPf eDbVkT"
      >
        <button
          class="MuiButtonBase-root MuiButton-root MuiButton-contained MuiButton-containedPrimary MuiButton-sizeMedium MuiButton-containedSizeMedium MuiButton-colorPrimary MuiButton-root MuiButton-contained MuiButton-containedPrimary MuiButton-sizeMedium MuiButton-containedSizeMedium MuiButton-colorPrimary css-74d805-MuiButtonBase-root-MuiButton-root"
          data-testid="move-button-Left"
          tabindex="0"
          type="button"
        >
          Left
        </button>
      </div>
      <div
        class="sc-hKDTPf eDbVkT"
      >
        <button
          class="MuiButtonBase-root MuiButton-root MuiButton-contained MuiButton-containedPrimary MuiButton-sizeMedium MuiButton-containedSizeMedium MuiButton-colorPrimary MuiButton-root MuiButton-contained MuiButton-containedPrimary MuiButton-sizeMedium MuiButton-containedSizeMedium MuiButton-colorPrimary css-74d805-MuiButtonBase-root-MuiButton-root"
          data-testid="move-button-Right"
          tabindex="0"
          type="button"
        >
          Right
        </button>
      </div>
    </div>
  </div>
</div>
`;
